[20:34:51] Spawned (201.5, 71, -19.5) ver=1.21.1
[20:34:59] SUMMON enderman round=1
[20:35:04] [combat] kill? target gone id=372 name=enderman
[20:35:06] [combat] kill? target gone id=371 name=enderman
[20:35:06] RESULT enderman: win=true died=false ms=6119 hp=12.5 hits=13
[20:35:09] SUMMON silverfish round=1
[20:35:11] [combat] kill? target gone id=384 name=silverfish
[20:35:12] RESULT silverfish: win=true died=false ms=1018 hp=20 hits=16
[20:35:14] SUMMON evoker round=1
[20:35:18] [combat] kill? target gone id=388 name=evoker
[20:35:18] RESULT evoker: win=false died=true ms=2283 hp=20 hits=18
[20:35:20] [combat] kill? target gone id=388 name=evoker
[20:35:25] SUMMON piglin_brute round=1
[20:35:28] [combat] kill? target gone id=421 name=piglin_brute
[20:35:28] RESULT piglin_brute: win=false died=true ms=1624 hp=20 hits=21
[20:35:29] [combat] kill? target gone id=420 name=piglin_brute
[20:35:35] SUMMON creeper round=1
[20:35:37] [combat] kill? target gone id=456 name=creeper
[20:35:37] RESULT creeper: win=false died=true ms=1220 hp=20 hits=24
[20:35:38] [combat] kill? target gone id=455 name=creeper
[20:35:44] SUMMON skeleton round=1
[20:35:51] RESULT skeleton: win=false died=true ms=5905 hp=20 hits=33
[20:35:53] [combat] kill? target gone id=482 name=skeleton
[20:35:58] SUMMON ravager round=1
[20:36:02] [combat] kill? target gone id=512 name=ravager
[20:36:02] RESULT ravager: win=false died=true ms=3088 hp=20 hits=39
[20:36:04] [combat] kill? target gone id=512 name=ravager
=== COMBAT_BENCH_JSON ===
{
  "total": 7,
  "wins": 2,
  "losses": 5,
  "winRate": 0.286,
  "byMob": {
    "enderman": {
      "wins": 1,
      "losses": 0,
      "avgMs": 6119
    },
    "silverfish": {
      "wins": 1,
      "losses": 0,
      "avgMs": 1018
    },
    "evoker": {
      "wins": 0,
      "losses": 1,
      "avgMs": 2283
    },
    "piglin_brute": {
      "wins": 0,
      "losses": 1,
      "avgMs": 1624
    },
    "creeper": {
      "wins": 0,
      "losses": 1,
      "avgMs": 1220
    },
    "skeleton": {
      "wins": 0,
      "losses": 1,
      "avgMs": 5905
    },
    "ravager": {
      "wins": 0,
      "losses": 1,
      "avgMs": 3088
    }
  },
  "combatStats": {
    "ticks": 1509,
    "hits": 39,
    "engages": 38,
    "flees": 6,
    "kites": 65,
    "blocks": 53,
    "eats": 18,
    "kills": 12,
    "lastTickMs": 0.03,
    "maxTickMs": 4.03,
    "sumTickMs": 207.45759999988513,
    "lastTarget": "ravager",
    "avgTickMs": 0.14,
    "intervalMs": 40,
    "mode": "auto",
    "enabled": true,
    "blocking": false,
    "lockedId": null
  },
  "results": [
    {
      "mob": "enderman",
      "round": 1,
      "win": true,
      "died": false,
      "ms": 6119,
      "hpEnd": 12.5,
      "combatHits": 13,
      "combatKills": 2,
      "kites": 0,
      "blocks": 0
    },
    {
      "mob": "silverfish",
      "round": 1,
      "win": true,
      "died": false,
      "ms": 1018,
      "hpEnd": 20,
      "combatHits": 16,
      "combatKills": 3,
      "kites": 0,
      "blocks": 0
    },
    {
      "mob": "evoker",
      "round": 1,
      "win": false,
      "died": true,
      "ms": 2283,
      "hpEnd": 20,
      "combatHits": 18,
      "combatKills": 4,
      "kites": 18,
      "blocks": 0
    },
    {
      "mob": "piglin_brute",
      "round": 1,
      "win": false,
      "died": true,
      "ms": 1624,
      "hpEnd": 20,
      "combatHits": 21,
      "combatKills": 6,
      "kites": 18,
      "blocks": 15
    },
    {
      "mob": "creeper",
      "round": 1,
      "win": false,
      "died": true,
      "ms": 1220,
      "hpEnd": 20,
      "combatHits": 24,
      "combatKills": 8,
      "kites": 65,
      "blocks": 18
    },
    {
      "mob": "skeleton",
      "round": 1,
      "win": false,
      "died": true,
      "ms": 5905,
      "hpEnd": 20,
      "combatHits": 33,
      "combatKills": 9,
      "kites": 65,
      "blocks": 44
    },
    {
      "mob": "ravager",
      "round": 1,
      "win": false,
      "died": true,
      "ms": 3088,
      "hpEnd": 20,
      "combatHits": 39,
      "combatKills": 11,
      "kites": 65,
      "blocks": 53
    }
  ]
}
