[20:36:48] Spawned (207.5, 71, -20.5) ver=1.21.1
[20:37:02] SUMMON zombie round=1
[20:37:06] [combat] kill? target gone id=593 name=zombie
[20:37:07] [combat] kill? target gone id=594 name=zombie
[20:37:07] RESULT zombie: win=true died=false ms=3883 hp=20 hits=8
[20:37:15] SUMMON skeleton round=1
[20:37:21] [combat] kill? target gone id=624 name=skeleton
[20:37:21] RESULT skeleton: win=true died=false ms=5090 hp=20 hits=14
[20:37:29] SUMMON spider round=1
[20:37:31] [combat] kill? target gone id=655 name=spider
[20:37:33] [combat] kill? target gone id=656 name=spider
[20:37:33] RESULT spider: win=true died=false ms=3056 hp=20 hits=22
[20:37:41] SUMMON creeper round=1
[20:37:46] [combat] kill? target gone id=684 name=creeper
[20:37:52] [combat] kill? target gone id=685 name=creeper
[20:37:52] RESULT creeper: win=true died=false ms=9964 hp=20 hits=24
[20:37:59] SUMMON husk round=1
[20:38:06] [combat] kill? target gone id=710 name=husk
[20:38:07] [combat] kill? target gone id=711 name=husk
[20:38:07] RESULT husk: win=true died=false ms=6927 hp=20 hits=36
[20:38:15] SUMMON stray round=1
PartialReadError: Read error for undefined : Unexpected buffer end while reading VarInt
    at new ExtendableError (D:\maincraft\agent\node_modules\protodef\src\utils.js:63:13)
    at new PartialReadError (D:\maincraft\agent\node_modules\protodef\src\utils.js:70:5)
    at Object.readVarInt [as varint] (D:\maincraft\agent\node_modules\protodef\src\datatypes\varint.js:19:40)
    at Object.string (eval at compile (D:\maincraft\agent\node_modules\protodef\src\compiler.js:262:12), <anonymous>:104:61)
    at eval (eval at compile (D:\maincraft\agent\node_modules\protodef\src\compiler.js:262:12), <anonymous>:429:53)
    at eval (eval at compile (D:\maincraft\agent\node_modules\protodef\src\compiler.js:262:12), <anonymous>:433:15)
    at eval (eval at compile (D:\maincraft\agent\node_modules\protodef\src\compiler.js:262:12), <anonymous>:435:13)
    at Object.SlotComponent (eval at compile (D:\maincraft\agent\node_modules\protodef\src\compiler.js:262:12), <anonymous>:720:9)
    at eval (eval at compile (D:\maincraft\agent\node_modules\protodef\src\compiler.js:262:12), <anonymous>:957:49)
    at eval (eval at compile (D:\maincraft\agent\node_modules\protodef\src\compiler.js:262:12), <anonymous>:962:15)
PartialReadError: Read error for undefined : Unexpected buffer end while reading VarInt
    at new ExtendableError (D:\maincraft\agent\node_modules\protodef\src\utils.js:63:13)
    at new PartialReadError (D:\maincraft\agent\node_modules\protodef\src\utils.js:70:5)
    at Object.readVarInt [as varint] (D:\maincraft\agent\node_modules\protodef\src\datatypes\varint.js:19:40)
    at Object.string (eval at compile (D:\maincraft\agent\node_modules\protodef\src\compiler.js:262:12), <anonymous>:104:61)
    at eval (eval at compile (D:\maincraft\agent\node_modules\protodef\src\compiler.js:262:12), <anonymous>:429:53)
    at eval (eval at compile (D:\maincraft\agent\node_modules\protodef\src\compiler.js:262:12), <anonymous>:433:15)
    at eval (eval at compile (D:\maincraft\agent\node_modules\protodef\src\compiler.js:262:12), <anonymous>:435:13)
    at Object.SlotComponent (eval at compile (D:\maincraft\agent\node_modules\protodef\src\compiler.js:262:12), <anonymous>:720:9)
    at eval (eval at compile (D:\maincraft\agent\node_modules\protodef\src\compiler.js:262:12), <anonymous>:957:49)
    at eval (eval at compile (D:\maincraft\agent\node_modules\protodef\src\compiler.js:262:12), <anonymous>:962:15)
[20:38:19] [combat] kill? target gone id=739 name=stray
PartialReadError: Read error for undefined : Unexpected buffer end while reading VarInt
    at new ExtendableError (D:\maincraft\agent\node_modules\protodef\src\utils.js:63:13)
    at new PartialReadError (D:\maincraft\agent\node_modules\protodef\src\utils.js:70:5)
    at Object.readVarInt [as varint] (D:\maincraft\agent\node_modules\protodef\src\datatypes\varint.js:19:40)
    at Object.string (eval at compile (D:\maincraft\agent\node_modules\protodef\src\compiler.js:262:12), <anonymous>:104:61)
    at eval (eval at compile (D:\maincraft\agent\node_modules\protodef\src\compiler.js:262:12), <anonymous>:429:53)
    at eval (eval at compile (D:\maincraft\agent\node_modules\protodef\src\compiler.js:262:12), <anonymous>:433:15)
    at eval (eval at compile (D:\maincraft\agent\node_modules\protodef\src\compiler.js:262:12), <anonymous>:435:13)
    at Object.SlotComponent (eval at compile (D:\maincraft\agent\node_modules\protodef\src\compiler.js:262:12), <anonymous>:720:9)
    at eval (eval at compile (D:\maincraft\agent\node_modules\protodef\src\compiler.js:262:12), <anonymous>:957:49)
    at eval (eval at compile (D:\maincraft\agent\node_modules\protodef\src\compiler.js:262:12), <anonymous>:962:15)
PartialReadError: Read error for undefined : Unexpected buffer end while reading VarInt
    at new ExtendableError (D:\maincraft\agent\node_modules\protodef\src\utils.js:63:13)
    at new PartialReadError (D:\maincraft\agent\node_modules\protodef\src\utils.js:70:5)
    at Object.readVarInt [as varint] (D:\maincraft\agent\node_modules\protodef\src\datatypes\varint.js:19:40)
    at Object.string (eval at compile (D:\maincraft\agent\node_modules\protodef\src\compiler.js:262:12), <anonymous>:104:61)
    at eval (eval at compile (D:\maincraft\agent\node_modules\protodef\src\compiler.js:262:12), <anonymous>:429:53)
    at eval (eval at compile (D:\maincraft\agent\node_modules\protodef\src\compiler.js:262:12), <anonymous>:433:15)
    at eval (eval at compile (D:\maincraft\agent\node_modules\protodef\src\compiler.js:262:12), <anonymous>:435:13)
    at Object.SlotComponent (eval at compile (D:\maincraft\agent\node_modules\protodef\src\compiler.js:262:12), <anonymous>:720:9)
    at eval (eval at compile (D:\maincraft\agent\node_modules\protodef\src\compiler.js:262:12), <anonymous>:957:49)
    at eval (eval at compile (D:\maincraft\agent\node_modules\protodef\src\compiler.js:262:12), <anonymous>:962:15)
[20:38:21] [combat] kill? target gone id=738 name=stray
[20:38:21] RESULT stray: win=true died=false ms=4486 hp=20 hits=46
Error: read ECONNRESET
    at TCP.onStreamRead (node:internal/stream_base_commons:216:20) {
  errno: -4077,
  code: 'ECONNRESET',
  syscall: 'read'
}
[20:38:29] SUMMON drowned round=1
[20:38:32] RESULT drowned: win=false summonFailed=true
[20:38:40] SUMMON witch round=1
[20:38:43] RESULT witch: win=false summonFailed=true
[20:38:51] SUMMON enderman round=1
[20:38:54] RESULT enderman: win=false summonFailed=true
[20:39:02] SUMMON cave_spider round=1
[20:39:05] RESULT cave_spider: win=false summonFailed=true
[20:39:13] SUMMON pillager round=1
[20:39:16] RESULT pillager: win=false summonFailed=true
[20:39:24] SUMMON vindicator round=1
[20:39:27] RESULT vindicator: win=false summonFailed=true
[20:39:35] SUMMON blaze round=1
[20:39:39] RESULT blaze: win=false summonFailed=true
[20:39:46] SUMMON wither_skeleton round=1
[20:39:50] RESULT wither_skeleton: win=false summonFailed=true
[20:39:57] SUMMON ravager round=1
[20:40:01] RESULT ravager: win=false summonFailed=true
[20:40:08] SUMMON silverfish round=1
[20:40:12] RESULT silverfish: win=false summonFailed=true
[20:40:20] SUMMON endermite round=1
[20:40:23] RESULT endermite: win=false summonFailed=true
[20:40:31] SUMMON slime round=1
[20:40:34] RESULT slime: win=false summonFailed=true
[20:40:42] SUMMON magma_cube round=1
[20:40:45] RESULT magma_cube: win=false summonFailed=true
[20:40:53] SUMMON phantom round=1
[20:40:56] RESULT phantom: win=false summonFailed=true
[20:41:04] SUMMON hoglin round=1
[20:41:07] RESULT hoglin: win=false summonFailed=true
[20:41:15] SUMMON zoglin round=1
[20:41:18] RESULT zoglin: win=false summonFailed=true
[20:41:26] SUMMON piglin_brute round=1
[20:41:29] RESULT piglin_brute: win=false summonFailed=true
[20:41:37] SUMMON evoker round=1
[20:41:40] RESULT evoker: win=false summonFailed=true
=== COMBAT_BENCH_JSON ===
{
  "total": 24,
  "wins": 6,
  "losses": 18,
  "winRate": 0.25,
  "byMob": {
    "zombie": {
      "wins": 1,
      "losses": 0,
      "avgMs": 3883
    },
    "skeleton": {
      "wins": 1,
      "losses": 0,
      "avgMs": 5090
    },
    "spider": {
      "wins": 1,
      "losses": 0,
      "avgMs": 3056
    },
    "creeper": {
      "wins": 1,
      "losses": 0,
      "avgMs": 9964
    },
    "husk": {
      "wins": 1,
      "losses": 0,
      "avgMs": 6927
    },
    "stray": {
      "wins": 1,
      "losses": 0,
      "avgMs": 4486
    },
    "drowned": {
      "wins": 0,
      "losses": 1,
      "avgMs": 0
    },
    "witch": {
      "wins": 0,
      "losses": 1,
      "avgMs": 0
    },
    "enderman": {
      "wins": 0,
      "losses": 1,
      "avgMs": 0
    },
    "cave_spider": {
      "wins": 0,
      "losses": 1,
      "avgMs": 0
    },
    "pillager": {
      "wins": 0,
      "losses": 1,
      "avgMs": 0
    },
    "vindicator": {
      "wins": 0,
      "losses": 1,
      "avgMs": 0
    },
    "blaze": {
      "wins": 0,
      "losses": 1,
      "avgMs": 0
    },
    "wither_skeleton": {
      "wins": 0,
      "losses": 1,
      "avgMs": 0
    },
    "ravager": {
      "wins": 0,
      "losses": 1,
      "avgMs": 0
    },
    "silverfish": {
      "wins": 0,
      "losses": 1,
      "avgMs": 0
    },
    "endermite": {
      "wins": 0,
      "losses": 1,
      "avgMs": 0
    },
    "slime": {
      "wins": 0,
      "losses": 1,
      "avgMs": 0
    },
    "magma_cube": {
      "wins": 0,
      "losses": 1,
      "avgMs": 0
    },
    "phantom": {
      "wins": 0,
      "losses": 1,
      "avgMs": 0
    },
    "hoglin": {
      "wins": 0,
      "losses": 1,
      "avgMs": 0
    },
    "zoglin": {
      "wins": 0,
      "losses": 1,
      "avgMs": 0
    },
    "piglin_brute": {
      "wins": 0,
      "losses": 1,
      "avgMs": 0
    },
    "evoker": {
      "wins": 0,
      "losses": 1,
      "avgMs": 0
    }
  },
  "combatStats": {
    "ticks": 6106,
    "hits": 46,
    "engages": 29,
    "flees": 0,
    "kites": 234,
    "blocks": 12,
    "eats": 13,
    "kills": 11,
    "lastTickMs": 0.03,
    "maxTickMs": 1.43,
    "sumTickMs": 435.82919999998376,
    "lastTarget": "stray",
    "avgTickMs": 0.07,
    "intervalMs": 40,
    "mode": "auto",
    "enabled": true,
    "blocking": false,
    "lockedId": null
  },
  "results": [
    {
      "mob": "zombie",
      "round": 1,
      "win": true,
      "died": false,
      "ms": 3883,
      "hpEnd": 20,
      "combatHits": 8,
      "combatKills": 2,
      "kites": 0,
      "blocks": 0
    },
    {
      "mob": "skeleton",
      "round": 1,
      "win": true,
      "died": false,
      "ms": 5090,
      "hpEnd": 20,
      "combatHits": 14,
      "combatKills": 3,
      "kites": 0,
      "blocks": 7
    },
    {
      "mob": "spider",
      "round": 1,
      "win": true,
      "died": false,
      "ms": 3056,
      "hpEnd": 20,
      "combatHits": 22,
      "combatKills": 5,
      "kites": 0,
      "blocks": 7
    },
    {
      "mob": "creeper",
      "round": 1,
      "win": true,
      "died": false,
      "ms": 9964,
      "hpEnd": 20,
      "combatHits": 24,
      "combatKills": 7,
      "kites": 234,
      "blocks": 7
    },
    {
      "mob": "husk",
      "round": 1,
      "win": true,
      "died": false,
      "ms": 6927,
      "hpEnd": 20,
      "combatHits": 36,
      "combatKills": 9,
      "kites": 234,
      "blocks": 7
    },
    {
      "mob": "stray",
      "round": 1,
      "win": true,
      "died": false,
      "ms": 4486,
      "hpEnd": 20,
      "combatHits": 46,
      "combatKills": 11,
      "kites": 234,
      "blocks": 12
    },
    {
      "mob": "drowned",
      "round": 1,
      "win": false,
      "died": false,
      "ms": 0,
      "hpEnd": 20,
      "combatHits": 46,
      "combatKills": 11,
      "summonFailed": true
    },
    {
      "mob": "witch",
      "round": 1,
      "win": false,
      "died": false,
      "ms": 0,
      "hpEnd": 20,
      "combatHits": 46,
      "combatKills": 11,
      "summonFailed": true
    },
    {
      "mob": "enderman",
      "round": 1,
      "win": false,
      "died": false,
      "ms": 0,
      "hpEnd": 20,
      "combatHits": 46,
      "combatKills": 11,
      "summonFailed": true
    },
    {
      "mob": "cave_spider",
      "round": 1,
      "win": false,
      "died": false,
      "ms": 0,
      "hpEnd": 20,
      "combatHits": 46,
      "combatKills": 11,
      "summonFailed": true
    },
    {
      "mob": "pillager",
      "round": 1,
      "win": false,
      "died": false,
      "ms": 0,
      "hpEnd": 20,
      "combatHits": 46,
      "combatKills": 11,
      "summonFailed": true
    },
    {
      "mob": "vindicator",
      "round": 1,
      "win": false,
      "died": false,
      "ms": 0,
      "hpEnd": 20,
      "combatHits": 46,
      "combatKills": 11,
      "summonFailed": true
    },
    {
      "mob": "blaze",
      "round": 1,
      "win": false,
      "died": false,
      "ms": 0,
      "hpEnd": 20,
      "combatHits": 46,
      "combatKills": 11,
      "summonFailed": true
    },
    {
      "mob": "wither_skeleton",
      "round": 1,
      "win": false,
      "died": false,
      "ms": 0,
      "hpEnd": 20,
      "combatHits": 46,
      "combatKills": 11,
      "summonFailed": true
    },
    {
      "mob": "ravager",
      "round": 1,
      "win": false,
      "died": false,
      "ms": 0,
      "hpEnd": 20,
      "combatHits": 46,
      "combatKills": 11,
      "summonFailed": true
    },
    {
      "mob": "silverfish",
      "round": 1,
      "win": false,
      "died": false,
      "ms": 0,
      "hpEnd": 20,
      "combatHits": 46,
      "combatKills": 11,
      "summonFailed": true
    },
    {
      "mob": "endermite",
      "round": 1,
      "win": false,
      "died": false,
      "ms": 0,
      "hpEnd": 20,
      "combatHits": 46,
      "combatKills": 11,
      "summonFailed": true
    },
    {
      "mob": "slime",
      "round": 1,
      "win": false,
      "died": false,
      "ms": 0,
      "hpEnd": 20,
      "combatHits": 46,
      "combatKills": 11,
      "summonFailed": true
    },
    {
      "mob": "magma_cube",
      "round": 1,
      "win": false,
      "died": false,
      "ms": 0,
      "hpEnd": 20,
      "combatHits": 46,
      "combatKills": 11,
      "summonFailed": true
    },
    {
      "mob": "phantom",
      "round": 1,
      "win": false,
      "died": false,
      "ms": 0,
      "hpEnd": 20,
      "combatHits": 46,
      "combatKills": 11,
      "summonFailed": true
    },
    {
      "mob": "hoglin",
      "round": 1,
      "win": false,
      "died": false,
      "ms": 0,
      "hpEnd": 20,
      "combatHits": 46,
      "combatKills": 11,
      "summonFailed": true
    },
    {
      "mob": "zoglin",
      "round": 1,
      "win": false,
      "died": false,
      "ms": 0,
      "hpEnd": 20,
      "combatHits": 46,
      "combatKills": 11,
      "summonFailed": true
    },
    {
      "mob": "piglin_brute",
      "round": 1,
      "win": false,
      "died": false,
      "ms": 0,
      "hpEnd": 20,
      "combatHits": 46,
      "combatKills": 11,
      "summonFailed": true
    },
    {
      "mob": "evoker",
      "round": 1,
      "win": false,
      "died": false,
      "ms": 0,
      "hpEnd": 20,
      "combatHits": 46,
      "combatKills": 11,
      "summonFailed": true
    }
  ]
}
